Archive member included because of file (symbol)

/usr/local/intel/lib/libbbhutil.a(bbhutil.o)
                              s_iter.o (sget_ivec_param)
/usr/local/intel/lib/libbbhutil.a(cliser.o)
                              instr.o (ser0_connect)
/usr/local/intel/lib/libbbhutil.a(sdf.o)
                              instr.o (gsfd_close)
/usr/local/intel/lib/libbbhutil.a(gpar.tab.o)
                              /usr/local/intel/lib/libbbhutil.a(bbhutil.o) (sget_param)
/usr/local/intel/lib/libbbhutil.a(lex.gpar.o)
                              /usr/local/intel/lib/libbbhutil.a(gpar.tab.o) (gparlex)
/usr/local/intel/lib/libutilio.a(ctoirang.o)
                              misc_f77/dc_clusterer.o (indlnb_)
/usr/local/intel/lib/libutilio.a(utilexplorer_c.o)
                              geod_int.o (fuzzeq)
/opt/intel/composer_xe_2013.3.163/compiler/lib/intel64/libimf.a(atan2.o)
                              /usr/lib64/libforms.so (atan2)
/opt/intel/composer_xe_2013.3.163/compiler/lib/intel64/libimf.a(atan_stub.o)
                              misc_f77/misc_f77.o (atan)
/opt/intel/composer_xe_2013.3.163/compiler/lib/intel64/libimf.a(cbrt_stub.o)
                              fncs.o (cbrt)
/opt/intel/composer_xe_2013.3.163/compiler/lib/intel64/libimf.a(ceilf_stub.o)
                              /usr/lib64/libforms.so (ceilf)
/opt/intel/composer_xe_2013.3.163/compiler/lib/intel64/libimf.a(ceil_stub.o)
                              /usr/lib64/libforms.so (ceil)
/opt/intel/composer_xe_2013.3.163/compiler/lib/intel64/libimf.a(cos_stub.o)
                              misc_f77/misc_f77.o (cos)
/opt/intel/composer_xe_2013.3.163/compiler/lib/intel64/libimf.a(exp2f_stub.o)
                              /usr/local/intel/lib/libbbhutil.a(bbhutil.o) (exp2f)
/opt/intel/composer_xe_2013.3.163/compiler/lib/intel64/libimf.a(exp_stub.o)
                              fncs.o (exp)
/opt/intel/composer_xe_2013.3.163/compiler/lib/intel64/libimf.a(floorf_stub.o)
                              /usr/lib64/libforms.so (floorf)
/opt/intel/composer_xe_2013.3.163/compiler/lib/intel64/libimf.a(floor_stub.o)
                              /usr/lib64/libforms.so (floor)
/opt/intel/composer_xe_2013.3.163/compiler/lib/intel64/libimf.a(f__powi4i4.o)
                              misc_f77/misc_f77.o (__powi4i4)
/opt/intel/composer_xe_2013.3.163/compiler/lib/intel64/libimf.a(isfinite.o)
                              reg.o (finite)
/opt/intel/composer_xe_2013.3.163/compiler/lib/intel64/libimf.a(libm_error.o)
                              /opt/intel/composer_xe_2013.3.163/compiler/lib/intel64/libimf.a(atan2.o) (__libm_error_support)
/opt/intel/composer_xe_2013.3.163/compiler/lib/intel64/libimf.a(libm_sse2_sincos.o)
                              misc_f77/misc_f77.o (__libm_sse2_sincos)
/opt/intel/composer_xe_2013.3.163/compiler/lib/intel64/libimf.a(log10f_stub.o)
                              /usr/lib64/libforms.so (log10f)
/opt/intel/composer_xe_2013.3.163/compiler/lib/intel64/libimf.a(log10_stub.o)
                              fncs.o (log10)
/opt/intel/composer_xe_2013.3.163/compiler/lib/intel64/libimf.a(log_stub.o)
                              fncs.o (log)
/opt/intel/composer_xe_2013.3.163/compiler/lib/intel64/libimf.a(matherrf.o)
                              /opt/intel/composer_xe_2013.3.163/compiler/lib/intel64/libimf.a(libm_error.o) (matherrf)
/opt/intel/composer_xe_2013.3.163/compiler/lib/intel64/libimf.a(matherrl.o)
                              /opt/intel/composer_xe_2013.3.163/compiler/lib/intel64/libimf.a(libm_error.o) (matherrl)
/opt/intel/composer_xe_2013.3.163/compiler/lib/intel64/libimf.a(matherr.o)
                              /opt/intel/composer_xe_2013.3.163/compiler/lib/intel64/libimf.a(libm_error.o) (matherr)
/opt/intel/composer_xe_2013.3.163/compiler/lib/intel64/libimf.a(pow_stub.o)
                              misc_f77/misc_f77.o (pow)
/opt/intel/composer_xe_2013.3.163/compiler/lib/intel64/libimf.a(sincosf_stub.o)
                              /usr/lib64/libforms.so (sincosf)
/opt/intel/composer_xe_2013.3.163/compiler/lib/intel64/libimf.a(sincos_stub.o)
                              /usr/lib64/libforms.so (sincos)
/opt/intel/composer_xe_2013.3.163/compiler/lib/intel64/libimf.a(sin_stub.o)
                              misc_f77/misc_f77.o (sin)
/opt/intel/composer_xe_2013.3.163/compiler/lib/intel64/libimf.a(tan_stub.o)
                              fncs.o (tan)
/opt/intel/composer_xe_2013.3.163/compiler/lib/intel64/libimf.a(atan_ct.o)
                              /opt/intel/composer_xe_2013.3.163/compiler/lib/intel64/libimf.a(atan_stub.o) (atan.L)
/opt/intel/composer_xe_2013.3.163/compiler/lib/intel64/libimf.a(atan_gen.o)
                              /opt/intel/composer_xe_2013.3.163/compiler/lib/intel64/libimf.a(atan_stub.o) (atan.A)
/opt/intel/composer_xe_2013.3.163/compiler/lib/intel64/libimf.a(cbrt_ct.o)
[...]
Memory Configuration

Name             Origin             Length             Attributes
*default*        0x0000000000000000 0xffffffffffffffff

Linker script and memory map

LOAD /usr/lib/gcc/x86_64-mageia-linux-gnu/4.8.2/../../../../lib64/crt1.o
LOAD /usr/lib/gcc/x86_64-mageia-linux-gnu/4.8.2/../../../../lib64/crti.o
LOAD /usr/lib/gcc/x86_64-mageia-linux-gnu/4.8.2/crtbegin.o
LOAD DV.o
LOAD reg.o
LOAD misc.o
LOAD instr.o
LOAD misc_f77/misc_f77.o
LOAD fncs.o
LOAD s_iter.o
LOAD DV_gui/DV_forms.o
LOAD DV_gui/DV_gui.o
LOAD vis/send_bbh_xyz.o
LOAD rnpl_diff/1d/updates_f1.o
LOAD rnpl_diff/2d/updates_f2.o
LOAD rnpl_diff/3d/updates_f3.o
LOAD vis/send_accept_sdf.o
LOAD vis/send_gl_canvas.o
LOAD misc_f77/2Dclusterer.o
LOAD misc_f77/dc_clusterer.o
LOAD vis/scr_save.o
LOAD null_int.o
LOAD geod_int.o
LOAD DV_calc/DV_calc.tab.o
LOAD DV_calc/lex.DV_calc.o
LOAD DV_calc/parse.o
LOAD /usr/local/intel/lib/libbbhutil.a
LOAD /usr/local/intel/lib/libcliser.a
LOAD /usr/local/intel/lib/libutilio.a
LOAD /usr/lib64/libpthread.so
START GROUP
LOAD /lib64/libpthread.so.0
LOAD /usr/lib64/libpthread_nonshared.a
END GROUP
LOAD /usr/lib64/libjpeg.so
LOAD /usr/lib64/libformsGL.so
LOAD /usr/lib64/libforms.so
LOAD /usr/lib64/libXpm.so
LOAD /usr/lib64/libGLU.so
LOAD /usr/lib64/libGL.so
LOAD /usr/lib64/libXext.so
LOAD /usr/lib64/libX11.so
LOAD /opt/intel/composer_xe_2013.3.163/compiler/lib/intel64/libimf.a
LOAD /usr/lib64/libm.so
LOAD /d/bh0/home/matt/autoconf/DV/DVCliser//libDVCliser.a
LOAD /opt/intel/composer_xe_2013.3.163/compiler/lib/intel64/libsvml.so
LOAD /opt/intel/composer_xe_2013.3.163/compiler/lib/intel64/libifcore.so
LOAD /opt/intel/composer_xe_2013.3.163/compiler/lib/intel64/libifcore.so.5
LOAD /opt/intel/composer_xe_2013.3.163/compiler/lib/intel64/libimf.a
LOAD /usr/lib64/libm.so
LOAD /opt/intel/composer_xe_2013.3.163/compiler/lib/intel64/libimf.a
LOAD /opt/intel/composer_xe_2013.3.163/compiler/lib/intel64/libsvml.a
LOAD /opt/intel/composer_xe_2013.3.163/compiler/lib/intel64/libirng.a
LOAD /usr/lib64/libm.so
LOAD /opt/intel/composer_xe_2013.3.163/compiler/lib/intel64/libipgo.a
LOAD /opt/intel/composer_xe_2013.3.163/compiler/lib/intel64/libdecimal.a
LOAD /opt/intel/composer_xe_2013.3.163/compiler/lib/intel64/libcilkrts.so
LOAD /opt/intel/composer_xe_2013.3.163/compiler/lib/intel64/libcilkrts.so.5
LOAD /usr/lib/gcc/x86_64-mageia-linux-gnu/4.8.2//libstdc++.so
LOAD /usr/lib/gcc/x86_64-mageia-linux-gnu/4.8.2//libgcc.a
LOAD /usr/lib64/libgcc_s.so
LOAD /opt/intel/composer_xe_2013.3.163/compiler/lib/intel64/libirc.a
LOAD /opt/intel/composer_xe_2013.3.163/compiler/lib/intel64/libsvml.a
LOAD /usr/lib64/libc.so
START GROUP
LOAD /lib64/libc.so.6
LOAD /usr/lib64/libc_nonshared.a
LOAD /lib64/ld-linux-x86-64.so.2
END GROUP
LOAD /usr/lib/gcc/x86_64-mageia-linux-gnu/4.8.2//libgcc.a
LOAD /usr/lib64/libgcc_s.so
LOAD /opt/intel/composer_xe_2013.3.163/compiler/lib/intel64/libirc_s.a
LOAD /usr/lib64/libdl.so
LOAD /usr/lib64/libc.so
START GROUP
LOAD /lib64/libc.so.6
LOAD /usr/lib64/libc_nonshared.a
LOAD /lib64/ld-linux-x86-64.so.2
END GROUP
LOAD /usr/lib/gcc/x86_64-mageia-linux-gnu/4.8.2/crtend.o
LOAD /usr/lib/gcc/x86_64-mageia-linux-gnu/4.8.2/../../../../lib64/crtn.o
                0x0000000000400000                PROVIDE (__executable_start, 0x400000)
                0x0000000000400238                . = (0x400000 + SIZEOF_HEADERS)

.interp         0x0000000000400238       0x1c
 *(.interp)
 .interp        0x0000000000400238       0x1c /usr/lib/gcc/x86_64-mageia-linux-gnu/4.8.2/../../../../lib64/crt1.o

.note.ABI-tag   0x0000000000400254       0x20
 .note.ABI-tag  0x0000000000400254       0x20 /usr/lib/gcc/x86_64-mageia-linux-gnu/4.8.2/../../../../lib64/crt1.o

.note.gnu.build-id
                0x0000000000400274       0x24
 *(.note.gnu.build-id)
 .note.gnu.build-id
                0x0000000000400274       0x24 /usr/lib/gcc/x86_64-mageia-linux-gnu/4.8.2/../../../../lib64/crt1.o

.hash           0x0000000000400298      0xc38
 *(.hash)
 .hash          0x0000000000400298      0xc38 /usr/lib/gcc/x86_64-mageia-linux-gnu/4.8.2/../../../../lib64/crt1.o

.gnu.hash
 *(.gnu.hash)

.dynsym         0x0000000000400ed0     0x3078
 *(.dynsym)
 .dynsym        0x0000000000400ed0     0x3078 /usr/lib/gcc/x86_64-mageia-linux-gnu/4.8.2/../../../../lib64/crt1.o

.dynstr         0x0000000000403f48     0x184a
 *(.dynstr)
 .dynstr        0x0000000000403f48     0x184a /usr/lib/gcc/x86_64-mageia-linux-gnu/4.8.2/../../../../lib64/crt1.o

.gnu.version    0x0000000000405792      0x40a
 *(.gnu.version)
 .gnu.version   0x0000000000405792      0x40a /usr/lib/gcc/x86_64-mageia-linux-gnu/4.8.2/../../../../lib64/crt1.o

.gnu.version_d  0x0000000000405ba0        0x0
 *(.gnu.version_d)
 .gnu.version_d
                0x0000000000000000        0x0 /usr/lib/gcc/x86_64-mageia-linux-gnu/4.8.2/../../../../lib64/crt1.o

.gnu.version_r  0x0000000000405ba0       0xf0
 *(.gnu.version_r)
 .gnu.version_r
                0x0000000000405ba0       0xf0 /usr/lib/gcc/x86_64-mageia-linux-gnu/4.8.2/../../../../lib64/crt1.o

.rela.dyn       0x0000000000405c90      0x138
 *(.rela.init)
 *(.rela.text .rela.text.* .rela.gnu.linkonce.t.*)
 .rela.text     0x0000000000000000        0x0 /usr/lib/gcc/x86_64-mageia-linux-gnu/4.8.2/../../../../lib64/crt1.o
 .rela.text.ssse3
                0x0000000000000000        0x0 /usr/lib/gcc/x86_64-mageia-linux-gnu/4.8.2/../../../../lib64/crt1.o
 *(.rela.fini)
 *(.rela.rodata .rela.rodata.* .rela.gnu.linkonce.r.*)
 *(.rela.data .rela.data.* .rela.gnu.linkonce.d.*)
 .rela.data     0x0000000000000000        0x0 /usr/lib/gcc/x86_64-mageia-linux-gnu/4.8.2/../../../../lib64/crt1.o
 *(.rela.tdata .rela.tdata.* .rela.gnu.linkonce.td.*)
 *(.rela.tbss .rela.tbss.* .rela.gnu.linkonce.tb.*)
 *(.rela.ctors)
 *(.rela.dtors)
 *(.rela.got)
 .rela.got      0x0000000000405c90       0xc0 /usr/lib/gcc/x86_64-mageia-linux-gnu/4.8.2/../../../../lib64/crt1.o
 *(.rela.bss .rela.bss.* .rela.gnu.linkonce.b.*)
 .rela.bss      0x0000000000405d50       0x78 /usr/lib/gcc/x86_64-mageia-linux-gnu/4.8.2/../../../../lib64/crt1.o
 *(.rela.ldata .rela.ldata.* .rela.gnu.linkonce.l.*)
 *(.rela.lbss .rela.lbss.* .rela.gnu.linkonce.lb.*)
 *(.rela.lrodata .rela.lrodata.* .rela.gnu.linkonce.lr.*)
 *(.rela.ifunc)

.rela.plt       0x0000000000405dc8     0x1a10
 *(.rela.plt)
 .rela.plt      0x0000000000405dc8     0x1a10 /usr/lib/gcc/x86_64-mageia-linux-gnu/4.8.2/../../../../lib64/crt1.o
                0x00000000004077d8                PROVIDE (__rela_iplt_start, .)
 *(.rela.iplt)
 .rela.iplt     0x0000000000000000        0x0 /usr/lib/gcc/x86_64-mageia-linux-gnu/4.8.2/../../../../lib64/crt1.o
                0x00000000004077d8                PROVIDE (__rela_iplt_end, .)

.init           0x00000000004077d8       0x1a
 *(SORT(.init))
 .init          0x00000000004077d8       0x15 /usr/lib/gcc/x86_64-mageia-linux-gnu/4.8.2/../../../../lib64/crti.o
                0x00000000004077d8                _init
 .init          0x00000000004077ed        0x5 /usr/lib/gcc/x86_64-mageia-linux-gnu/4.8.2/../../../../lib64/crtn.o

.plt            0x0000000000407800     0x1170
 *(.plt)
 .plt           0x0000000000407800     0x1170 /usr/lib/gcc/x86_64-mageia-linux-gnu/4.8.2/../../../../lib64/crt1.o
                0x0000000000407810                sem_destroy@@GLIBC_2.2.5
                0x0000000000407820                ftell@@GLIBC_2.2.5
                0x0000000000407830                glMultMatrixd
                0x0000000000407840                __svml_log2
                0x0000000000407850                glCallList
                0x0000000000407860                __errno_location@@GLIBC_2.2.5
                0x0000000000407870                printf@@GLIBC_2.2.5
                0x0000000000407880                jpeg_CreateCompress@@LIBJPEG_8.0
                0x0000000000407890                glPointSize
                0x00000000004078a0                isspace@@GLIBC_2.2.5
                0x00000000004078b0                for_f90_index
                0x00000000004078c0                for_close
                0x00000000004078d0                strcspn@@GLIBC_2.2.5
                0x00000000004078e0                jpeg_std_error@@LIBJPEG_8.0
                0x00000000004078f0                fl_set_browser_topline
                0x0000000000407900                fl_set_object_gravity
                0x0000000000407910                fl_deselect_browser_line
                0x0000000000407920                rewind@@GLIBC_2.2.5
                0x0000000000407930                bind@@GLIBC_2.2.5
                0x0000000000407940                sprintf@@GLIBC_2.2.5
                0x0000000000407950                fl_get_icm_color
                0x0000000000407960                fl_set_object_lsize
                0x0000000000407970                for_cpystr
                0x0000000000407980                fl_hide_object
                0x0000000000407990                strstr@@GLIBC_2.2.5
                0x00000000004079a0                fl_set_slider_value
                0x00000000004079b0                fl_set_object_color
                0x00000000004079c0                fl_show_colormap
                0x00000000004079d0                XFreeFont
                0x00000000004079e0                glBegin
                0x00000000004079f0                fegetenv@@GLIBC_2.2.5
                0x0000000000407a00                fl_get_browser_topline
                0x0000000000407a10                socket@@GLIBC_2.2.5
                0x0000000000407a20                fl_get_app_mainform
                0x0000000000407a30                glClear
                0x0000000000407a40                glDisable
                0x0000000000407a50                glViewport
                0x0000000000407a60                fl_set_object_lstyle
                0x0000000000407a70                jpeg_set_quality@@LIBJPEG_8.0
                0x0000000000407a80                accept@@GLIBC_2.2.5
                0x0000000000407a90                glNormal3d
                0x0000000000407aa0                strchr@@GLIBC_2.2.5
                0x0000000000407ab0                glColor4d
                0x0000000000407ac0                fl_set_object_label
                0x0000000000407ad0                fl_get_thumbwheel_value
                0x0000000000407ae0                __svml_pow2
                0x0000000000407af0                exp10@@GLIBC_2.2.5
                0x0000000000407b00                fl_addto_browser_chars
                0x0000000000407b10                glClipPlane
                0x0000000000407b20                strlen@@GLIBC_2.2.5
                0x0000000000407b30                memcmp@@GLIBC_2.2.5
                0x0000000000407b40                fl_set_object_lalign
                0x0000000000407b50                vsprintf@@GLIBC_2.2.5
                0x0000000000407b60                glReadPixels
                0x0000000000407b70                fl_set_atclose
                0x0000000000407b80                fl_deselect_browser
                0x0000000000407b90                catopen@@GLIBC_2.2.5
                0x0000000000407ba0                glPixelStorei
                0x0000000000407bb0                fl_add_input
                0x0000000000407bc0                strncpy@@GLIBC_2.2.5
                0x0000000000407bd0                memset@@GLIBC_2.2.5
                0x0000000000407be0                glCallLists
                0x0000000000407bf0                fl_add_choice
                0x0000000000407c00                glXUseXFont
                0x0000000000407c10                fl_addto_choice
                0x0000000000407c20                fl_get_canvas_id
                0x0000000000407c30                pthread_create@@GLIBC_2.2.5
                0x0000000000407c40                glFrustum
                0x0000000000407c50                fl_set_menu_item_mode
                0x0000000000407c60                fl_remove_selected_xevent
                0x0000000000407c70                fl_show_messages
                0x0000000000407c80                fl_addto_browser
                0x0000000000407c90                fl_mouse_button
                0x0000000000407ca0                vsnprintf@@GLIBC_2.2.5
                0x0000000000407cb0                glColorMaterial
                0x0000000000407cc0                fl_add_checkbutton
                0x0000000000407cd0                fl_hide_form
                0x0000000000407ce0                fl_set_browser_fontsize
                0x0000000000407cf0                fl_add_browser
                0x0000000000407d00                calloc@@GLIBC_2.2.5
                0x0000000000407d10                for_cpstr
                0x0000000000407d20                _Unwind_ForcedUnwind@@GCC_3.0
                0x0000000000407d30                fl_replace_choice
                0x0000000000407d40                for_open
                0x0000000000407d50                fl_set_button
                0x0000000000407d60                for_read_seq_fmt
                0x0000000000407d70                fl_set_thumbwheel_value
                0x0000000000407d80                sleep@@GLIBC_2.2.5
                0x0000000000407d90                htonl@@GLIBC_2.2.5
                0x0000000000407da0                fl_show_form
                0x0000000000407db0                sem_post@@GLIBC_2.2.5
                0x0000000000407dc0                strtod@@GLIBC_2.2.5
                0x0000000000407dd0                fl_replace_browser_line
                0x0000000000407de0                fl_show_message
                0x0000000000407df0                glBlendFunc
                0x0000000000407e00                fl_get_input
                0x0000000000407e10                __svml_cos2
                0x0000000000407e20                fl_set_menu_entries
                0x0000000000407e30                glDrawPixels
                0x0000000000407e40                fl_set_object_lcol
                0x0000000000407e50                glPolygonMode
                0x0000000000407e60                memcpy@@GLIBC_2.14
                0x0000000000407e70                __svml_sin2
                0x0000000000407e80                connect@@GLIBC_2.2.5
                0x0000000000407e90                perror@@GLIBC_2.2.5
                0x0000000000407ea0                system@@GLIBC_2.2.5
                0x0000000000407eb0                fl_get_button
                0x0000000000407ec0                fl_get_mouse
                0x0000000000407ed0                isdigit@@GLIBC_2.2.5
                0x0000000000407ee0                fl_set_object_boxtype
                0x0000000000407ef0                fl_end_form
                0x0000000000407f00                fl_bgn_form
                0x0000000000407f10                fl_get_char_height
                0x0000000000407f20                fl_get_slider_value
                0x0000000000407f30                strcpy@@GLIBC_2.2.5
                0x0000000000407f40                glEnable
                0x0000000000407f50                fl_gettime
                0x0000000000407f60                glGetIntegerv
                0x0000000000407f70                fl_get_directory
                0x0000000000407f80                fl_add_text
                0x0000000000407f90                __isoc99_sscanf@@GLIBC_2.7
                0x0000000000407fa0                glHint
                0x0000000000407fb0                fl_get_browser_maxline
                0x0000000000407fc0                fclose@@GLIBC_2.2.5
                0x0000000000407fd0                __xstat@@GLIBC_2.2.5
                0x0000000000407fe0                isalnum@@GLIBC_2.2.5
                0x0000000000407ff0                dladdr@@GLIBC_2.2.5
                0x0000000000408000                fl_add_frame
                0x0000000000408010                fl_set_choice_align
                0x0000000000408020                fileno@@GLIBC_2.2.5
                0x0000000000408030                fdopen@@GLIBC_2.2.5
                0x0000000000408040                jpeg_finish_compress@@LIBJPEG_8.0
                0x0000000000408050                fl_add_labelframe
                0x0000000000408060                readlink@@GLIBC_2.2.5
                0x0000000000408070                for_stop_core
                0x0000000000408080                fl_add_slider
                0x0000000000408090                glTranslated
                0x00000000004080a0                fl_isselected_browser_line
                0x00000000004080b0                fl_set_object_shortcut
                0x00000000004080c0                fl_set_object_callback
                0x00000000004080d0                jpeg_write_scanlines@@LIBJPEG_8.0
                0x00000000004080e0                catgets@@GLIBC_2.2.5
                0x00000000004080f0                strrchr@@GLIBC_2.2.5
                0x0000000000408100                fseek@@GLIBC_2.2.5
                0x0000000000408110                fl_show_object
                0x0000000000408120                fputs@@GLIBC_2.2.5
                0x0000000000408130                XRaiseWindow
                0x0000000000408140                listen@@GLIBC_2.2.5
                0x0000000000408150                glGetDoublev
                0x0000000000408160                sem_wait@@GLIBC_2.2.5
                0x0000000000408170                fl_add_canvas_handler
                0x0000000000408180                gethostbyname@@GLIBC_2.2.5
                0x0000000000408190                regcomp@@GLIBC_2.2.5
                0x00000000004081a0                bcopy@@GLIBC_2.2.5
                0x00000000004081b0                fl_select_browser_line
                0x00000000004081c0                __svml_atan2_mask
                0x00000000004081d0                fl_get_object_geometry
                0x00000000004081e0                fl_add_scrollbutton
                0x00000000004081f0                fflush@@GLIBC_2.2.5
                0x0000000000408200                fopen@@GLIBC_2.2.5
                0x0000000000408210                __svml_log102_mask
                0x0000000000408220                free@@GLIBC_2.2.5
                0x0000000000408230                __svml_sincos2
                0x0000000000408240                atol@@GLIBC_2.2.5
                0x0000000000408250                siglongjmp@@GLIBC_2.2.5
                0x0000000000408260                herror@@GLIBC_2.2.5
                0x0000000000408270                exit@@GLIBC_2.2.5
                0x0000000000408280                _Unwind_GetIP@@GCC_3.0
                0x0000000000408290                getenv@@GLIBC_2.2.5
                0x00000000004082a0                fl_add_box
                0x00000000004082b0                regexec@@GLIBC_2.3.4
                0x00000000004082c0                fl_get_browser
                0x00000000004082d0                sigaction@@GLIBC_2.2.5
                0x00000000004082e0                glRotated
                0x00000000004082f0                ntohl@@GLIBC_2.2.5
                0x0000000000408300                fl_set_form_minsize
                0x0000000000408310                fl_freeze_form
                0x0000000000408320                fl_get_choice_item_text
                0x0000000000408330                fl_clear_choice
                0x0000000000408340                glLoadIdentity
                0x0000000000408350                fl_insert_browser_line
                0x0000000000408360                glEnd
                0x0000000000408370                fl_show_question
                0x0000000000408380                fl_get_browser_line
                0x0000000000408390                malloc@@GLIBC_2.2.5
                0x00000000004083a0                fl_keysym_pressed
                0x00000000004083b0                fl_do_forms
                0x00000000004083c0                jpeg_destroy_compress@@LIBJPEG_8.0
                0x00000000004083d0                __svml_log102
                0x00000000004083e0                fl_delete_browser_line
                0x00000000004083f0                glMatrixMode
                0x0000000000408400                fl_add_button
                0x0000000000408410                shutdown@@GLIBC_2.2.5
                0x0000000000408420                fl_get_choice_maxitems
                0x0000000000408430                fl_set_choice_entries
                0x0000000000408440                fl_set_slider_bounds
                0x0000000000408450                fl_set_thumbwheel_bounds
                0x0000000000408460                strcmp@@GLIBC_2.2.5
                0x0000000000408470                __svml_exp2
                0x0000000000408480                fl_unfreeze_form
                0x0000000000408490                glNewList
                0x00000000004084a0                __svml_atan2
                0x00000000004084b0                __sigsetjmp@@GLIBC_2.2.5
                0x00000000004084c0                fprintf@@GLIBC_2.2.5
                0x00000000004084d0                fl_add_glcanvas
                0x00000000004084e0                glDrawBuffer
                0x00000000004084f0                glFlush
                0x0000000000408500                fl_set_icm_color
                0x0000000000408510                tolower@@GLIBC_2.2.5
                0x0000000000408520                for_write_seq_fmt_xmit
                0x0000000000408530                fl_add_menu
                0x0000000000408540                fl_add_thumbwheel
                0x0000000000408550                getpid@@GLIBC_2.2.5
                0x0000000000408560                glRasterPos2d
                0x0000000000408570                glClearColor
                0x0000000000408580                fread@@GLIBC_2.2.5
                0x0000000000408590                fl_set_app_nomainform
                0x00000000004085a0                gethostname@@GLIBC_2.2.5
                0x00000000004085b0                glVertex3d
                0x00000000004085c0                glColor3d
                0x00000000004085d0                log2f@@GLIBC_2.2.5
                0x00000000004085e0                setenv@@GLIBC_2.2.5
                0x00000000004085f0                jpeg_set_defaults@@LIBJPEG_8.0
                0x0000000000408600                jpeg_start_compress@@LIBJPEG_8.0
                0x0000000000408610                fl_set_object_resize
                0x0000000000408620                feof@@GLIBC_2.2.5
                0x0000000000408630                for_write_seq_fmt
                0x0000000000408640                strtok@@GLIBC_2.2.5
                0x0000000000408650                fgetc@@GLIBC_2.2.5
                0x0000000000408660                fgets@@GLIBC_2.2.5
                0x0000000000408670                fl_get_choice
                0x0000000000408680                glPushMatrix
                0x0000000000408690                snprintf@@GLIBC_2.2.5
                0x00000000004086a0                fesetenv@@GLIBC_2.2.5
                0x00000000004086b0                fl_set_choice_fontsize
                0x00000000004086c0                realloc@@GLIBC_2.2.5
                0x00000000004086d0                fl_initialize
                0x00000000004086e0                glShadeModel
                0x00000000004086f0                fl_get_char_width
                0x0000000000408700                _Unwind_GetRegionStart@@GCC_3.0
                0x0000000000408710                for_write_seq_lis_xmit
                0x0000000000408720                for_write_seq_lis
                0x0000000000408730                cbrtl@@GLIBC_2.2.5
                0x0000000000408740                jpeg_stdio_dest@@LIBJPEG_8.0
                0x0000000000408750                fl_set_form_atclose
                0x0000000000408760                glEndList
                0x0000000000408770                __xpg_basename@@GLIBC_2.2.5
                0x0000000000408780                isatty@@GLIBC_2.2.5
                0x0000000000408790                fl_activate_glcanvas
                0x00000000004087a0                sem_init@@GLIBC_2.2.5
                0x00000000004087b0                glLightfv
                0x00000000004087c0                pthread_exit@@GLIBC_2.2.5
                0x00000000004087d0                strcat@@GLIBC_2.2.5
                0x00000000004087e0                setsockopt@@GLIBC_2.2.5
                0x00000000004087f0                XLoadQueryFont
                0x0000000000408800                glLineWidth
                0x0000000000408810                fl_set_thumbwheel_step
                0x0000000000408820                strdup@@GLIBC_2.2.5
                0x0000000000408830                glXSwapBuffers
                0x0000000000408840                fl_show_fselector
                0x0000000000408850                glPopMatrix
                0x0000000000408860                __svml_log2_mask
                0x0000000000408870                __libc_start_main@@GLIBC_2.2.5
                0x0000000000408880                glOrtho
                0x0000000000408890                fl_set_input
                0x00000000004088a0                fl_get_menu
                0x00000000004088c0                fl_set_choice_fontstyle
                0x00000000004088d0                fl_set_choice
                0x00000000004088e0                fl_add_browser_line
                0x00000000004088f0                fwrite@@GLIBC_2.2.5
                0x0000000000408900                glMaterialfv
                0x0000000000408910                close@@GLIBC_2.2.5
                0x0000000000408920                XLoadFont
                0x0000000000408930                fl_clear_browser
                0x0000000000408940                fl_set_goodies_font
                0x0000000000408950                glColor3f
                0x0000000000408960                glDeleteLists
 *(.iplt)
 .iplt          0x0000000000000000        0x0 /usr/lib/gcc/x86_64-mageia-linux-gnu/4.8.2/../../../../lib64/crt1.o

.text           0x0000000000408970   0x158200
 *(.text.unlikely .text.*_unlikely .text.unlikely.*)
 *(.text.exit .text.exit.*)
 *(.text.startup .text.startup.*)
 *(.text.hot .text.hot.*)
 *(.text .stub .text.* .gnu.linkonce.t.*)
 .text          0x0000000000408970       0x2a /usr/lib/gcc/x86_64-mageia-linux-gnu/4.8.2/../../../../lib64/crt1.o
                0x0000000000408970                _start
 .text          0x000000000040899a        0x0 /usr/lib/gcc/x86_64-mageia-linux-gnu/4.8.2/../../../../lib64/crti.o
 *fill*         0x000000000040899a        0x6 
 .text          0x00000000004089a0       0xc5 /usr/lib/gcc/x86_64-mageia-linux-gnu/4.8.2/crtbegin.o
 *fill*         0x0000000000408a65        0xb 
 .text          0x0000000000408a70      0x260 DV.o
                0x0000000000408a70                main
                0x0000000000408c20                dv_service
 .text          0x0000000000408cd0     0x3d50 reg.o
                0x0000000000408cd0                sizeof_data
                0x0000000000408e10                sizeof_coords
                0x0000000000409050                gfree
                0x0000000000409080                find_reg
                0x00000000004090f0                add_grid
                0x0000000000409170                delete_reg_contents
                0x0000000000409270                delete_reg
                0x00000000004093f0                delete_grids
                0x0000000000409730                shut_down_dv
                0x0000000000409880                get_coord_index
                0x00000000004099f0                set_coord_name
                0x0000000000409b40                grid_str_eq
                0x0000000000409c40                gridcmp
                0x000000000040a740                clone_reg
                0x000000000040abd0                add_grid_str
                0x000000000040b2d0                galloc
                0x000000000040ba20                rename_reg
                0x000000000040bc80                gclip
                0x000000000040c620                merge_reg
                0x000000000040c9d0                initialize_dv
 .text          0x000000000040ca20      0x140 misc.o
                0x000000000040ca20                fuzz_eq
                0x000000000040ca40                fuzz_lt
                0x000000000040ca50                fuzz_lte
                0x000000000040ca60                fuzz_gt
                0x000000000040ca70                fuzz_gte
                0x000000000040ca80                first_c
                0x000000000040caa0                next_c
                0x000000000040cac0                Pl_x
 .text          0x000000000040cb60     0x1ee0 instr.o
                0x000000000040cb60                instr_read_sdf_stream
                0x000000000040d560                instr_read_sdf
                0x000000000040db00                instr_write_sdf
                0x000000000040ddd0                instr_write_sdf_stream
                0x000000000040dee0                open_rhost
                0x000000000040e050                close_rhost
                0x000000000040e070                instr_route
                0x000000000040e510                instr_ex_dv_calc_prog
                0x000000000040e5a0                instr_mem_usage
                0x000000000040e760                instr_dump_all
 .text          0x000000000040ea40    0x1d6b0 misc_f77/misc_f77.o
                0x000000000040ea40                separate_rb_
                0x000000000040ed90                uni_avg_
                0x000000000040f570                diss_ko2_
                0x00000000004108a0                d_byrhosq_
                0x0000000000410c30                pl_x_
                0x0000000000410cb0                plm_x_
                0x0000000000410f00                cylm_coeff_
                0x0000000000411a00                cm2y2pm2_coeff_
                0x0000000000413430                cm2yl6m_coeff_
                0x00000000004148c0                eval_m2ylm_l6_
                0x00000000004156a0                fill_cylm_
                0x0000000000415e30                fill_cm2y2pm2_
                0x0000000000416f30                int_f_ds_
                0x0000000000417550                distance_2bh_
                0x0000000000417790                eval_
                0x0000000000417bd0                eval0_
                0x00000000004180b0                extend_odd_
                0x0000000000418240                extend_
                0x000000000041a1c0                diss_ko_axis_
                0x000000000041ad70                diss_ko_
                0x000000000041bf30                fill_eps_
                0x000000000041c230                get_avg_delta_
                0x000000000041c4c0                apply_dis_ex_bdy_
                0x000000000041d630                dmi4q1_
                0x000000000041d8f0                dvi4q1_s_
                0x000000000041de90                dmdiss3d_
                0x0000000000420b40                dmdiss3d_ex_
                0x0000000000425680                dmrepop3d1_
                0x0000000000426c40                smooth_ah_r_
                0x00000000004289d0                gh3d_ah_best_fit_
                0x000000000042ab00                fill_i4psi4_
                0x000000000042b400                diss_ko_1d_
                0x000000000042b8a0                d_overrho_d_
                0x000000000042be80                d_overrho_
 .text          0x000000000042c0f0    0x1e580 fncs.o
                0x000000000042c0f0                apply_unary_gf
                0x000000000042c710                apply_binary_gf
                0x000000000042cf40                merge_gf
                0x000000000042d2a0                s_diff
                0x000000000042d7e0                s_diff_CN
                0x000000000042ddf0                gf_add
                0x000000000042dfc0                gf_sub
                0x000000000042e190                gf_mult
                0x000000000042e360                gf_div
                0x000000000042e520                get_single_farg
                0x000000000042e5b0                gf_smult
                0x000000000042e840                gf_smult_x
                0x000000000042eab0                gf_unit_bbox
                0x000000000042eb70                gf_sadd
                0x000000000042ede0                gf_sadd_x
                0x000000000042efb0                gf_pow
                0x000000000042f2a0                gf_ln
                0x000000000042f580                gf_log
                0x000000000042f860                gf_exp
                0x000000000042fa70                gf_sin
                0x000000000042fc80                gf_cos
                0x000000000042fe90                gf_abs
                0x0000000000430090                gf_clone
                0x00000000004300c0                gf_trim
                0x0000000000430220                gf_zero_bnd
                0x00000000004304c0                gf_ln_ts_m_t
                0x0000000000430630                gf_t_to_lt
                0x00000000004307f0                gf_coords
                0x00000000004310b0                gf_l2norm
                0x0000000000431460                gf_infnorm
                0x0000000000431870                gf_min
                0x0000000000431c30                gf_max
                0x00000000004323b0                gf_extremum
                0x0000000000432800                gf_r
                0x0000000000432920                gf_multr_p
                0x0000000000432b70                gf_mass_dens
                0x0000000000432dd0                gf_fix_sf
                0x0000000000432e50                gf_fix_mc_mr
                0x00000000004330f0                gf_dc_2dcls
                0x00000000004336a0                gf_apply_dis_ex_bdy
                0x0000000000433970                gf_de_dt
                0x00000000004340a0                gf_int_fds
                0x0000000000434210                gf_extend
                0x0000000000434b80                gf_diss_ko2
                0x0000000000434e90                gf_dmdiss3d
                0x00000000004352e0                gf_dmrepop3d
                0x00000000004355b0                gf_int_psi4_r
                0x0000000000436f00                gf_diss_ko_1d
                0x0000000000436ff0                gf_cylm
                0x0000000000437a40                sf_overlap
                0x0000000000437fc0                sf_urbs_dV_dp
                0x0000000000438cb0                sf_p_embed
                0x00000000004393a0                gf_psi4_to_h
                0x000000000043a7a0                map_lm_spec
                0x000000000043a830                map_lm_q
                0x000000000043a870                map_lm_cind
                0x000000000043a890                map_lm_cind6
                0x000000000043a8a0                gf_cm2yl6m
                0x000000000043c300                gf_int_psi4_spec_r
                0x000000000043d1f0                gf_multbyrp
                0x000000000043d830                gf_smooth_ah_r
                0x000000000043da00                gf_uncompact
                0x000000000043e190                gf_uni_avg
                0x000000000043e3b0                gf_separate_rb
                0x000000000043e430                gf_distance_2BH
                0x000000000043e4c0                gf_d_byrhosq
                0x000000000043e590                gf_spec_coeff
                0x000000000043eba0                gf_r_to_lnr
                0x000000000043ee80                gf_rt_to_xy
                0x000000000043f140                gf_rtp_to_zxy
                0x000000000043fbf0                gf_bbh_t_to_v
                0x00000000004409b0                gf_bbh_quad
                0x0000000000441a60                read_txyz
                0x0000000000441ec0                gf_eval_r
                0x00000000004426d0                eval_2d
                0x0000000000442c70                eval_3d
                0x00000000004436e0                gf_local_max
                0x00000000004438c0                gf_ln_tps_m_tp
                0x00000000004443f0                gf_coarsen
                0x00000000004449e0                gf_bound
                0x0000000000444bd0                gf_2dinterpolate
                0x0000000000444d70                gf_to_uniform_unigrid
                0x00000000004454d0                gf_eval
                0x0000000000445940                t_diff
                0x0000000000445e50                gf_bs_ddz
                0x0000000000446040                gf_bs_f1
                0x00000000004461f0                gf_bs_attach_nu
                0x0000000000446780                find_bubbles
                0x0000000000446ac0                gf_bs_embed2
                0x0000000000447c50                gf_bs_embed3
                0x0000000000447ee0                gf_bs_embed
                0x0000000000448080                gf_bs_first_nz
                0x0000000000448180                gf_bs_shift_embed
                0x00000000004485a0                sf_inspiral
                0x0000000000448b50                gf_ds_gamma
                0x0000000000448c90                gf_half_spin
                0x0000000000448fe0                sf_j_int
                0x0000000000449b20                gf_A_vs_B_x_to_t
                0x000000000044a150                eval_1d
                0x000000000044a480                gf_A_vs_B
                0x000000000044a4d0                gf_d_overrho_d
                0x000000000044a5a0                gf_d_overrho
 .text          0x000000000044a670     0x16f0 s_iter.o
                0x000000000044a670                s_iter_set_selected
                0x000000000044aad0                next_g
                0x000000000044ab70                next_l
                0x000000000044abf0                next_ts
                0x000000000044ac40                save_s_iter
                0x000000000044ac80                restore_s_iter
                0x000000000044acc0                set_ibbox
                0x000000000044adb0                init_s_iter
 .text          0x000000000044bd60     0x52d0 DV_gui/DV_forms.o
                0x000000000044bd60                create_form_DV_main_window
                0x000000000044c620                create_form_DV_diff_window
                0x000000000044cac0                create_form_DV_func_window
                0x000000000044d360                create_form_DV_gl_canvas_window
                0x000000000044d8c0                create_form_DV_sl_opts_window
                0x000000000044e5e0                create_form_DV_capture_window
                0x000000000044e8f0                create_form_DV_annotation_window
                0x000000000044f270                create_form_DV_dbrowser_window
                0x000000000044f870                create_form_DV_hvs_window
                0x000000000044fdd0                create_form_DV_mstest_item1_window
                0x00000000004505b0                create_form_DV_mstest_userfdef_window
                0x0000000000450dd0                create_form_DV_f_select_window
 .text          0x0000000000451030    0x396a0 DV_gui/DV_gui.o
                0x0000000000451030                start_gui
                0x0000000000452a60                load_options
                0x0000000000453aa0                save_gl_canvas
                0x0000000000453e50                restore_gl_canvas
                0x0000000000454200                switch_gl_canvas
                0x00000000004549d0                gl_canvas_close_cb
                0x00000000004554b0                open_gl_canvas
                0x0000000000455c90                hvs_close_cb
                0x0000000000456780                open_hvs
                0x0000000000456f60                close_cb
                0x0000000000456fc0                diff_close_cb
                0x0000000000456fd0                func_close_cb
                0x0000000000456fe0                options_close_cb
                0x0000000000456ff0                capture_close_cb
                0x0000000000457000                f_select_close_cb
                0x0000000000457010                annotation_close_cb
                0x0000000000457020                dbrowser_close_cb
                0x0000000000457040                null_cb
                0x0000000000457050                save_options
                0x00000000004575d0                replace_ann_edit_fs
                0x0000000000457730                load_def_options
                0x0000000000457890                file_menu_cb
                0x00000000004580c0                edit_menu_cb
                0x0000000000458b60                debug_menu_cb
                0x0000000000458ba0                add_to_hist
                0x0000000000458c80                options_cb
                0x0000000000458ce0                dv_browser_cb
                0x000000000045a5b0                db_new_grid
                0x000000000045a860                refresh_db
                0x000000000045b590                set_gc_opts
                0x000000000045ca80                browser_up_cb
                0x000000000045d7d0                browser_down_cb
                0x000000000045e560                view_menu_cb
                0x000000000045e730                help_menu_cb
                0x000000000045e740                delete_cb
                0x000000000045eef0                merge_cb
                0x000000000045f690                functions_cb
                0x000000000045f6f0                get_selected_func
                0x000000000045f770                func_build_name
                0x000000000045f8a0                func_browser_cb
                0x000000000045fa20                func_reg_a_cb
                0x000000000045fb40                func_reg_b_cb
                0x000000000045fc60                func_filter_hist_cb
                0x000000000045fcb0                func_arg_hist_cb
                0x000000000045fd00                func_go_cb
                0x00000000004602d0                func_cb
                0x0000000000460410                diff_cb
                0x0000000000460470                diff_browser_cb
                0x0000000000460700                diff_mask_cb
                0x0000000000460780                diff_go_cb
                0x0000000000460a60                diff_wrt_cb
                0x0000000000460b50                send_to_acceptXYZ_cb
                0x0000000000460b60                send_to_acceptSDF_cb
                0x0000000000460b70                send_to_local_cb
                0x0000000000461c40                sl_opts_which_canvas_cb
                0x0000000000462ea0                sl_opts_concat_grids_cb
                0x00000000004636b0                sl_opts_monotone_cb
                0x0000000000463ec0                sl_opts_cmap_scheme_cb
                0x0000000000463ef0                sl_3D_bbox_only_cb
                0x0000000000464700                sl_color_clip_cb
                0x0000000000464f10                sl_opts_levelcolor_cb
                0x0000000000465720                sl_opts_fg_color_cb
                0x0000000000465fb0                sl_opts_sync_cb
                0x00000000004667b0                sl_opts_amr_cb
                0x0000000000466fa0                sl_opts_ignore_cb
                0x00000000004677b0                sl_opts_use_mask_cb
                0x0000000000467fa0                sl_opts_use_givec_cb
                0x0000000000468790                sl_opts_coarsen_cb
                0x0000000000468fb0                sl_opts_scale_hist_cb
                0x0000000000469800                sl_opts_cmap_hist_cb
                0x000000000046a110                sl_opts_givec_hist_cb
                0x000000000046a960                show_gl_particle_f_select
                0x000000000046a9c0                show_gl_screen_capture
                0x000000000046aa20                show_gl_annotation_cb
                0x000000000046aa80                gl_options_menu_cb
                0x000000000046b490                hvs_options_menu_cb
                0x000000000046bd90                refresh_os_text
                0x000000000046bdc0                gl_ann_edit_cb
                0x000000000046be20                gl_ann_font_cb
                0x000000000046be80                gl_ann_color_cb
                0x000000000046bf60                gl_ann_bbox_color_cb
                0x000000000046c800                gl_ann_bg_color_cb
                0x000000000046d0a0                gl_ann_anti_alias_cb
                0x000000000046d8b0                gl_ann_bbox_width_cb
                0x000000000046e0d0                gl_ann_1d_pt_size_cb
                0x000000000046e8f0                gl_ann_1d_line_width_cb
                0x000000000046f110                gl_ann_pos_text_cb
                0x000000000046f140                gl_ann_pos_cmap_cb
                0x000000000046f170                gl_ann_disp_cmap_cb
                0x000000000046f990                gl_ann_border_width_cb
                0x00000000004701c0                gl_ann_border_color_cb
                0x0000000000470a40                gl_ann_format_str_cb
                0x0000000000470be0                gl_ann_which_canvas_cb
                0x0000000000471d50                gl_home_1d_cb
                0x00000000004724c0                gl_home_cb
                0x0000000000472ec0                hvs_home_cb
                0x00000000004736b0                hvs_x_slice_cb
                0x0000000000474750                hvs_y_slice_cb
                0x00000000004757f0                hvs_z_slice_cb
                0x0000000000476890                hvs_inc_slice_cb
                0x0000000000477120                hvs_dec_slice_cb
                0x00000000004779b0                set_hvs_thumbwheel
                0x0000000000478260                hvs_slice_slider_cb
                0x0000000000478b20                gl_zoom_hist_cb
                0x0000000000478b70                gl_theta_hist_cb
                0x0000000000478bc0                gl_phi_hist_cb
                0x0000000000478c10                gl_canvas_event_handler
                0x000000000047a1b0                hvs_cb
                0x000000000047a9a0                capture_browse_cb
                0x000000000047a9e0                capture_cb
                0x000000000047aaa0                f_select_cb
                0x000000000047ab60                f_select_scmin_cb
                0x000000000047aba0                f_select_scmax_cb
                0x000000000047abe0                f_select_cm_min_cb
                0x000000000047abf0                f_select_cm_max_cb
                0x000000000047ac00                get_gl_cm_min
                0x000000000047ac30                get_gl_cm_max
                0x000000000047ac60                get_gl_f_min
                0x000000000047acf0                get_gl_f_max
                0x000000000047ad80                get_gl_which_particle_f
                0x000000000047ae40                db_h_slider_cb
                0x000000000047bb80                db_v_slider_cb
                0x000000000047c8c0                db_data_fs_cb
                0x000000000047d5f0                db_coord_fs_cb
                0x000000000047e320                db_reverse_y_cb
                0x000000000047f060                db_sm_save_cb
                0x000000000047f290                data_browser_cb
                0x0000000000480010                mstest_menu_cb
                0x00000000004802d0                read_userf_file
                0x0000000000481920                write_userf_file
                0x0000000000481b20                free_userf_macro_line
                0x0000000000481b70                free_userf_table_entry
                0x0000000000481c10                backup_userf
                0x0000000000481e20                restore_userf
                0x0000000000482020                contains_input
                0x0000000000482260                get_ninput
                0x0000000000482950                create_new_userf
                0x0000000000482bd0                cut_space
                0x0000000000482d70                save_AB_etc
                0x0000000000482f90                get_func_indx
                0x0000000000483010                update_userf
                0x0000000000483200                fill_userf_list
                0x0000000000483260                fill_macro_code
                0x0000000000483300                fill_AB_etc
                0x0000000000483430                mstest_item1_browser_cb
                0x00000000004834d0                mstest_item1_add_cb
                0x0000000000483590                mstest_item1_close_cb
                0x00000000004835a0                mstest_item1_go_cb
                0x0000000000483850                execute_userf
                0x00000000004850d0                create_browser_list
                0x0000000000485820                subs_regs
                0x0000000000485c60                mstest_item1_new_cb
                0x00000000004862f0                mstest_item1_delete_cb
                0x0000000000486820                mstest_item1_up_cb
                0x0000000000486950                mstest_item1_down_cb
                0x0000000000486a90                mstest_item1_input_cb
                0x0000000000486aa0                mstest_item1_input_remove_cb
                0x0000000000486c60                mstest_item1_input_up_cb
                0x0000000000486d10                mstest_item1_input_down_cb
                0x0000000000486de0                mstest_item1_func_cb
                0x0000000000487370                mstest_userfdef_close_cb
                0x0000000000487380                mstest_userfdef_browser_cb
                0x00000000004873f0                mstest_userfdef_AB_etc_cb
                0x0000000000487680                mstest_userfdef_apply_cb
                0x0000000000488000                mstest_userfdef_func_cb
                0x00000000004882e0                mstest_userfdef_macro_cb
                0x0000000000488430                mstest_userfdef_delete_cb
                0x0000000000488840                mstest_userfdef_up_cb
                0x0000000000488aa0                mstest_userfdef_down_cb
                0x0000000000488d00                switch_macro_lines
                0x0000000000488f60                delete_macro_line
                0x0000000000489330                delete_userf_line
                0x0000000000489490                switch_userf_lines
                0x00000000004895b0                delete_item1_input_line
                0x0000000000489610                switch_item1_input_lines
                0x00000000004896c0                add_macro_line
                0x0000000000489900                initialize_userf
                0x0000000000489990                db_screen_dump_cb
 .text          0x000000000048a6d0       0x10 vis/send_bbh_xyz.o
                0x000000000048a6d0                send_bbh_xyz
 .text          0x000000000048a6e0      0x220 rnpl_diff/1d/updates_f1.o
                0x000000000048a6e0                upd_f10_
                0x000000000048a890                upd_f11_
 .text          0x000000000048a900      0xaf0 rnpl_diff/2d/updates_f2.o
                0x000000000048a900                upd_f20_
                0x000000000048abe0                upd_f21_
                0x000000000048af80                upd_f22_
                0x000000000048b0f0                upd_f23_
 .text          0x000000000048b3f0     0x1ca0 rnpl_diff/3d/updates_f3.o
                0x000000000048b3f0                upd_f30_
                0x000000000048b880                upd_f31_
                0x000000000048bf10                upd_f32_
                0x000000000048c5a0                upd_f33_
                0x000000000048c840                upd_f34_
                0x000000000048cc50                upd_f35_
 .text          0x000000000048d090      0x640 vis/send_accept_sdf.o
                0x000000000048d090                send_accept_sdf_1g
                0x000000000048d320                send_accept_sdf
 .text          0x000000000048d6d0     0xf460 vis/send_gl_canvas.o
                0x000000000048d6d0                set_key_frame
                0x000000000048d950                clear_all_key_frames
                0x000000000048d9a0                clear_key_frame
                0x000000000048da30                is_key_frame
                0x000000000048da80                colormap
                0x000000000048dd20                build_cmap
                0x000000000048e0d0                set_gl_render_mode
                0x000000000048e290                create_os_cmap
                0x000000000048e790                parse_os_text
                0x000000000048ebf0                render_string
                0x000000000048ec70                render_os_stuff
                0x000000000048fa10                create_1d_gl_bbox
                0x000000000048fb80                create_23d_gl_bbox
                0x0000000000490020                create_3d_gl_grid
                0x0000000000490b90                create_points_gl_grid
                0x0000000000491260                create_2d_striped_gl_grid
                0x0000000000491380                create_1d_gl_grid
                0x0000000000491c60                view_trans
                0x0000000000492370                reset_gl_view
                0x0000000000492440                render_slice_box
                0x0000000000492aa0                clear_gl_display_lists
                0x0000000000492ae0                find_mask_grid
                0x0000000000492b90                set_amr_mask
                0x0000000000493010                send_gl_canvas
                0x0000000000494d10                find_mask_reg
                0x0000000000494f90                create_2d_gl_grid
                0x0000000000497e30                strip_to_tr
                0x0000000000498000                set_bbox
                0x0000000000498540                minmaxz
                0x0000000000498a50                send_gl_canvas_1g
                0x000000000049a6c0                set_scales
                0x000000000049aaa0                sdf_to_explorer
                0x000000000049aab0                refresh_gl_display
                0x000000000049caa0                init_xfonts
 .text          0x000000000049cb30      0x110 misc_f77/2Dclusterer.o
                0x000000000049cb30                dc_cls_2d_
 .text          0x000000000049cc40     0x7c20 misc_f77/dc_clusterer.o
                0x000000000049cc40                dagh_cls_3d_
                0x000000000049e280                cmp_clstr_
                0x00000000004a0b30                boxstack_
                0x00000000004a0d00                find_inflx_
                0x00000000004a11b0                clstr_
                0x00000000004a1270                find_split_
                0x00000000004a19b0                cmp_sig_lpl_
                0x00000000004a34c0                box_eff_
                0x00000000004a3770                l_ivls_
                0x00000000004a3800                reduce_
                0x00000000004a3a90                find_holes_
                0x00000000004a40b0                out_clstr_
                0x00000000004a47d0                error_
                0x00000000004a4810                initstack_
 .text          0x00000000004a4860      0x1e0 vis/scr_save.o
                0x00000000004a4860                scr_save
 .text          0x00000000004a4a40     0x2630 null_int.o
                0x00000000004a4a40                reverse_times
                0x00000000004a4a70                sf_null_int
                0x00000000004a6950                N_eval_f_1d
                0x00000000004a6b60                sf_ln_vt
 .text          0x00000000004a7070     0x4dd0 geod_int.o
                0x00000000004a7070                sf_gd_concat
                0x00000000004a7a80                sf_gd_concat_b
                0x00000000004ab600                get_3index_gd
                0x00000000004ab6b0                sf_gd_concat_c
 .text          0x00000000004abe40      0x870 DV_calc/DV_calc.tab.o
                0x00000000004abe40                DV_calcparse
                0x00000000004ac6a0                DV_calcerror
 .text          0x00000000004ac6b0     0x2410 DV_calc/lex.DV_calc.o
                0x00000000004ac6b0                DV_calclex
                0x00000000004ad6d0                DV_calcrestart
                0x00000000004ada30                DV_calc_switch_to_buffer
                0x00000000004adbb0                DV_calc_create_buffer
                0x00000000004add20                DV_calc_delete_buffer
                0x00000000004add80                DV_calcpush_buffer_state
                0x00000000004adf20                DV_calcpop_buffer_state
                0x00000000004adfd0                DV_calc_scan_buffer
                0x00000000004ae1e0                DV_calc_scan_string
                0x00000000004ae500                DV_calc_scan_bytes
                0x00000000004ae800                DV_calcget_lineno
                0x00000000004ae810                DV_calcget_in
                0x00000000004ae820                DV_calcget_out
                0x00000000004ae830                DV_calcget_leng
                0x00000000004ae840                DV_calcget_text
                0x00000000004ae850                DV_calcset_lineno
                0x00000000004ae860                DV_calcset_in
                0x00000000004ae870                DV_calcset_out
                0x00000000004ae880                DV_calcget_debug
                0x00000000004ae890                DV_calcset_debug
                0x00000000004ae8a0                DV_calclex_destroy
                0x00000000004ae940                DV_calcalloc
                0x00000000004ae950                DV_calcrealloc
                0x00000000004ae960                DV_calcfree
                0x00000000004ae970                DV_calcwrap
                0x00000000004aea00                my_DV_calcinput
                0x00000000004aea30                DV_calc_flush_buffer
 .text          0x00000000004aeac0     0x13f0 DV_calc/parse.o
                0x00000000004aeac0                alloc_pte
                0x00000000004aeb30                free_pte
                0x00000000004aeb50                add_stmnt
                0x00000000004aeb80                free_stmnt_list
                0x00000000004aebe0                get_tmp_var
                0x00000000004aec30                is_tmp_var
                0x00000000004aec60                free_tmp_var
                0x00000000004aeca0                clear_sym_tab
                0x00000000004aece0                read_sym
                0x00000000004aed80                remove_sym
                0x00000000004aee20                eval_stmnt_list
                0x00000000004aef40                eval_stmnt
                0x00000000004afdd0                set_sym
 .text          0x00000000004afeb0     0x4950 /usr/local/intel/lib/libbbhutil.a(bbhutil.o)
                0x00000000004afeb0                lowcase
                0x00000000004aff10                strcmp_nc
                0x00000000004affd0                rdvcpy
                0x00000000004b0080                rdvprod
                0x00000000004b0130                rivprod
                0x00000000004b0280                rivcpy
                0x00000000004b0330                rdvramp
                0x00000000004b0430                rdvaddc
                0x00000000004b07b0                rdvupdatemean
                0x00000000004b0bd0                l2norm
                0x00000000004b0ce0                rdvmin
                0x00000000004b0dd0                rdvmax
                0x00000000004b0ec0                vec_alloc
                0x00000000004b0ef0                ivec_alloc
                0x00000000004b0f20                cvec_alloc
                0x00000000004b0f50                vec_alloc_n
                0x00000000004b0fb0                ivec_alloc_n
                0x00000000004b1010                cvec_alloc_n
                0x00000000004b1070                read_ascii_int
                0x00000000004b11b0                read_ascii_double
                0x00000000004b12f0                read_ascii_string
                0x00000000004b14c0                read_ascii_ivec
                0x00000000004b14d0                read_ascii_fvec
                0x00000000004b16b0                sget_fvec_param
                0x00000000004b16c0                sget_ivec_param
                0x00000000004b16d0                sget_int_param
                0x00000000004b16e0                sget_real_param
                0x00000000004b16f0                sget_str_param
                0x00000000004b1700                get_fvec_param
                0x00000000004b19d0                get_ivec_param
                0x00000000004b1ca0                get_int_param
                0x00000000004b1f70                get_real_param
                0x00000000004b2240                get_str_param
                0x00000000004b2510                get_int_param_v
                0x00000000004b2800                get_real_param_v
                0x00000000004b2af0                get_str_param_v
                0x00000000004b2de0                is_param_assigned_in_file
                0x00000000004b2f00                is_param_assigned_in_file_nc
                0x00000000004b3020                is_param_assigned_in_file_0
                0x00000000004b3160                get_param
                0x00000000004b34a0                get_param_nc
                0x00000000004b37e0                get_param_nc_v
                0x00000000004b3b30                do_ivec
                0x00000000004b40c0                fixup_ivec
                0x00000000004b4150                fixup_fvec
                0x00000000004b4370                size_fvec
                0x00000000004b43b0                get_fvec
                0x00000000004b4480                gft_make_bbox
                0x00000000004b45b0                gft_make_full_func_name
                0x00000000004b4720                gft_close
                0x00000000004b4730                gft_close_all
                0x00000000004b4740                gft_read_id_str_p
                0x00000000004b4750                gft_read_id_int_p
                0x00000000004b4760                gft_read_id_float_p
                0x00000000004b4770                gft_read_2idata
                0x00000000004b4780                gft_read_1idata
                0x00000000004b4790                gft_read_idata
                0x00000000004b47a0                gft_write_id_str_p
                0x00000000004b47b0                gft_write_id_int_p
                0x00000000004b47c0                gft_write_id_float_p
                0x00000000004b47d0                gft_write_2idata
                0x00000000004b47e0                gft_write_1idata
                0x00000000004b47f0                gft_write_idata
 .text          0x00000000004b4800      0x470 /usr/local/intel/lib/libbbhutil.a(cliser.o)
                0x00000000004b4800                ser0_start
                0x00000000004b4ad0                ser0_serve_block
                0x00000000004b4b20                ser0_connect
                0x00000000004b4bf0                checkenv
                0x00000000004b4c30                ser0_stop
 .text          0x00000000004b4c70     0xd09c /usr/local/intel/lib/libbbhutil.a(sdf.o)
                0x00000000004b4c70                gsfipvec_alloc
                0x00000000004b4cd8                new_dynarray
                0x00000000004b4d6e                delete_dynarray
                0x00000000004b4dac                add_item
                0x00000000004b4eb4                get_item
                0x00000000004b4f18                dynarray_len
                0x00000000004b4f46                new_gsfiarray
                0x00000000004b4fd4                delete_gsfiarray
                0x00000000004b5054                add_gsfiitem
                0x00000000004b5150                get_gsfiitem
                0x00000000004b523a                gsfiarray_len
                0x00000000004b5268                gsfi_insert
                0x00000000004b5404                gsfi_new
                0x00000000004b54cc                gsfi_delete
                0x00000000004b55b8                gsfd_parent
                0x00000000004b56ac                gsfd_successor
                0x00000000004b5702                gsfd_rotate_r
                0x00000000004b580e                gsfd_rotate_l
                0x00000000004b591a                gsfd_insert
                0x00000000004b59e4                gsfd_remove
                0x00000000004b5bc8                gsfd_find
                0x00000000004b5c76                gsfd_new
                0x00000000004b5d46                gsfd_delete
                0x00000000004b5e10                gsfd_close
                0x00000000004b5e48                gsfd_close_all
                0x00000000004b5e8c                gsfd_file_changed
                0x00000000004b6076                gsfd_make_index
                0x00000000004b656c                gft_make_index
                0x00000000004b65a4                gft_set_single_sdf
                0x00000000004b660a                gft_set_multi_sdf
                0x00000000004b664e                gft_set_single
                0x00000000004b6668                gft_set_multi
                0x00000000004b6674                gft_make_sdf_name
                0x00000000004b68f6                gft_file_changed
                0x00000000004b696c                gft_create_sdf_stream
                0x00000000004b6d0c                gft_open_sdf_stream
                0x00000000004b70fe                mid_write_sdf_stream
                0x00000000004b720a                mid_read_sdf_stream
                0x00000000004b739c                low_write_sdf_stream
                0x00000000004b80e6                low_read_sdf_stream
                0x00000000004b8ec8                gft_send_sdf_stream
                0x00000000004b91e6                gft_send_sdf_stream_bbox
                0x00000000004b9424                gft_send_sdf_stream_brief
                0x00000000004b9662                gft_sendm_sdf_stream
                0x00000000004b9a5e                gft_sendm_sdf_stream_bbox
                0x00000000004b9db2                gft_sendm_sdf_stream_brief
                0x00000000004ba0fe                gft_write_sdf_stream
                0x00000000004ba262                gft_write_sdf_stream_bbox
                0x00000000004ba354                gft_write_sdf_stream_brief
                0x00000000004ba464                gft_writem_sdf_stream
                0x00000000004ba606                gft_writem_sdf_stream_bbox
                0x00000000004ba77e                gft_writem_sdf_stream_brief
                0x00000000004ba8b6                gft_read_sdf_stream
                0x00000000004babf2                gft_read_sdf_stream_brief
                0x00000000004baee0                gft_read_sdf_rank
                0x00000000004bb362                gft_read_sdf_shape
                0x00000000004bb80c                gft_read_sdf_bbox
                0x00000000004bbcba                gft_read_sdf_name
                0x00000000004bc160                gft_read_sdf_ntlevs
                0x00000000004bc2ee                gft_read_sdf_full
                0x00000000004bca7c                gft_read_sdf_brief
                0x00000000004bcf26                gft_close_sdf_stream
                0x00000000004bcf98                gft_close_all_sdf
                0x00000000004bcfae                gft_extract_sdf
                0x00000000004bd6ea                GFT_extract2
                0x00000000004be1b8                gft_write_id_gf
                0x00000000004be206                gft_write_id_int
                0x00000000004be408                gft_write_id_float_old
                0x00000000004be650                gft_write_id_float
                0x00000000004be898                gft_write_id_str
                0x00000000004beaec                gft_read_id_gf
                0x00000000004bebaa                gft_read_id_int
                0x00000000004befdc                gft_read_id_float
                0x00000000004bf40e                gft_read_id_str
                0x00000000004bf840                gft_read_rank
                0x00000000004bf880                gft_read_shape
                0x00000000004bf8c0                gft_read_bbox
                0x00000000004bf900                gft_read_name
                0x00000000004bf940                gft_read_full
                0x00000000004bf9cc                gft_out_slice
                0x00000000004bf9f8                gft_read_brief
                0x00000000004bfa38                gft_out_full
                0x00000000004bfe62                gft_out_bbox
                0x00000000004bffcc                gft_out_brief
                0x00000000004c0112                gft_out
                0x00000000004c0162                gft_out_set_bbox
                0x00000000004c01ce                gft_outm
                0x00000000004c023a                gft_outm_brief
                0x00000000004c03d2                gft_outm_bbox
                0x00000000004c058a                gft_outm_full
                0x00000000004c0754                gft_verify_file
                0x00000000004c0a2a                gft_open_sdf_file
                0x00000000004c0b36                gft_is_sdf_file
                0x00000000004c0b9a                gft_out_part_xyz
                0x00000000004c12d8                gft_out_part_xyzf
                0x00000000004c18ba                gft_bbh_port
                0x00000000004c1980                gft_dv_port
                0x00000000004c1a62                gft_dv_standard_init
                0x00000000004c1cde                gft_dv_standard_clean_up
 *fill*         0x00000000004c1d0c        0x4 
 .text          0x00000000004c1d10     0x1af0 /usr/local/intel/lib/libbbhutil.a(gpar.tab.o)
                0x00000000004c1d10                new_ivel_list
                0x00000000004c1d50                new_fvel_list
                0x00000000004c1d90                new_value_list
                0x00000000004c1dd0                sget_param
                0x00000000004c2b60                gparparse
 .text          0x00000000004c3800     0x2770 /usr/local/intel/lib/libbbhutil.a(lex.gpar.o)
                0x00000000004c3800                gparlex
                0x00000000004c4bd0                gparrestart
                0x00000000004c4f40                gparwrap
                0x00000000004c4f50                gpar_switch_to_buffer
                0x00000000004c50d0                gpar_create_buffer
                0x00000000004c5250                gpar_delete_buffer
                0x00000000004c52b0                gparpush_buffer_state
                0x00000000004c5450                gparpop_buffer_state
                0x00000000004c5500                gpar_scan_buffer
                0x00000000004c5700                gpar_scan_string
                0x00000000004c5a20                gpar_scan_bytes
                0x00000000004c5d10                gparget_lineno
                0x00000000004c5d20                gparget_in
                0x00000000004c5d30                gparget_out
                0x00000000004c5d40                gparget_leng
                0x00000000004c5d50                gparget_text
                0x00000000004c5d60                gparset_lineno
                0x00000000004c5d70                gparset_in
                0x00000000004c5d80                gparset_out
                0x00000000004c5d90                gparget_debug
                0x00000000004c5da0                gparset_debug
                0x00000000004c5db0                gparlex_destroy
                0x00000000004c5e50                gparalloc
                0x00000000004c5e60                gparrealloc
                0x00000000004c5e70                gparfree
                0x00000000004c5e80                my_gparinput
                0x00000000004c5ed0                gpar_flush_buffer
                0x00000000004c5f60                gparerror
 .text          0x00000000004c5f70     0x3910 /usr/local/intel/lib/libutilio.a(ctoirang.o)
                0x00000000004c5f70                chkgrp_
                0x00000000004c5ff0                cload_
                0x00000000004c6010                ctoi_
                0x00000000004c6110                skblnk_
                0x00000000004c6150                ggroup_
                0x00000000004c6340                inptiv_
                0x00000000004c7290                grange_
                0x00000000004c75c0                gettok_
                0x00000000004c77c0                psexpr_
                0x00000000004c7a90                livrmp_
                0x00000000004c7b00                makind_
                0x00000000004c7cc0                ixspan_
                0x00000000004c7da0                itoc_
                0x00000000004c7e80                readiv_
                0x00000000004c8430                rdivnl_
                0x00000000004c8970                irdivn_
                0x00000000004c8e40                irdiv_
                0x00000000004c9360                loc_ivramp_
                0x00000000004c93d0                gtok_
                0x00000000004c9520                catsqz_
                0x00000000004c9820                indlnb_
                0x00000000004c9860                indfnb_
 .text          0x00000000004c9880      0x650 /usr/local/intel/lib/libutilio.a(utilexplorer_c.o)
                0x00000000004c9880                spherical_to_XYZ3DData0
                0x00000000004c9de0                fuzzeq
                0x00000000004c9e00                l_dvdump
 .text          0x00000000004c9ed0      0x570 /opt/intel/composer_xe_2013.3.163/compiler/lib/intel64/libimf.a(atan2.o)
                0x00000000004c9ed0                atan2
 .text          0x00000000004ca440       0x30 /opt/intel/composer_xe_2013.3.163/compiler/lib/intel64/libimf.a(atan_stub.o)
                0x00000000004ca440                atan
 .text          0x00000000004ca470       0x30 /opt/intel/composer_xe_2013.3.163/compiler/lib/intel64/libimf.a(cbrt_stub.o)
                0x00000000004ca470                cbrt
 .text          0x00000000004ca4a0       0x40 /opt/intel/composer_xe_2013.3.163/compiler/lib/intel64/libimf.a(ceilf_stub.o)
                0x00000000004ca4a0                ceilf
 .text          0x00000000004ca4e0       0x40 /opt/intel/composer_xe_2013.3.163/compiler/lib/intel64/libimf.a(ceil_stub.o)
                0x00000000004ca4e0                ceil
 .text          0x00000000004ca520       0x40 /opt/intel/composer_xe_2013.3.163/compiler/lib/intel64/libimf.a(cos_stub.o)
                0x00000000004ca520                cos
 .text          0x00000000004ca560       0x30 /opt/intel/composer_xe_2013.3.163/compiler/lib/intel64/libimf.a(exp2f_stub.o)
                0x00000000004ca560                exp2f
 .text          0x00000000004ca590       0x30 /opt/intel/composer_xe_2013.3.163/compiler/lib/intel64/libimf.a(exp_stub.o)
                0x00000000004ca590                exp
 .text          0x00000000004ca5c0       0x40 /opt/intel/composer_xe_2013.3.163/compiler/lib/intel64/libimf.a(floorf_stub.o)
                0x00000000004ca5c0                floorf
 .text          0x00000000004ca600       0x40 /opt/intel/composer_xe_2013.3.163/compiler/lib/intel64/libimf.a(floor_stub.o)
                0x00000000004ca600                floor
 .text          0x00000000004ca640       0x80 /opt/intel/composer_xe_2013.3.163/compiler/lib/intel64/libimf.a(f__powi4i4.o)
                0x00000000004ca640                __powi4i4
 .text          0x00000000004ca6c0      0x240 /opt/intel/composer_xe_2013.3.163/compiler/lib/intel64/libimf.a(isfinite.o)
                0x00000000004ca6c0                isfinitel
                0x00000000004ca6f0                __isfinitel
                0x00000000004ca720                isfinitef
                0x00000000004ca740                __isfinitef
                0x00000000004ca760                isfinite
                0x00000000004ca780                __isfinite
                0x00000000004ca7a0                isfinited
                0x00000000004ca7c0                __isfinited
                0x00000000004ca7e0                finitel
                0x00000000004ca810                __finitel
                0x00000000004ca840                finitef
                0x00000000004ca860                __finitef
                0x00000000004ca880                finite
                0x00000000004ca8a0                __finite
                0x00000000004ca8c0                finited
                0x00000000004ca8e0                __finited
 .text          0x00000000004ca900      0x820 /opt/intel/composer_xe_2013.3.163/compiler/lib/intel64/libimf.a(libm_error.o)
                0x00000000004cabb0                __libm_copy_value
                0x00000000004cac50                __libm_error_support
                0x00000000004cb090                __libm_setusermatherrl
                0x00000000004cb0c0                __libm_setusermatherr
                0x00000000004cb0f0                __libm_setusermatherrf
 .text          0x00000000004cb120      0x380 /opt/intel/composer_xe_2013.3.163/compiler/lib/intel64/libimf.a(libm_sse2_sincos.o)
                0x00000000004cb120                __libm_sse2_sincos
 .text          0x00000000004cb4a0       0x30 /opt/intel/composer_xe_2013.3.163/compiler/lib/intel64/libimf.a(log10f_stub.o)
                0x00000000004cb4a0                log10f
 .text          0x00000000004cb4d0       0x30 /opt/intel/composer_xe_2013.3.163/compiler/lib/intel64/libimf.a(log10_stub.o)
                0x00000000004cb4d0                log10
 .text          0x00000000004cb500       0x30 /opt/intel/composer_xe_2013.3.163/compiler/lib/intel64/libimf.a(log_stub.o)
                0x00000000004cb500                log
 .text          0x00000000004cb530       0x10 /opt/intel/composer_xe_2013.3.163/compiler/lib/intel64/libimf.a(matherrf.o)
                0x00000000004cb530                matherrf
 .text          0x00000000004cb540       0x10 /opt/intel/composer_xe_2013.3.163/compiler/lib/intel64/libimf.a(matherrl.o)
                0x00000000004cb540                matherrl
 .text          0x00000000004cb550       0x10 /opt/intel/composer_xe_2013.3.163/compiler/lib/intel64/libimf.a(matherr.o)
                0x00000000004cb550                matherr
 .text          0x00000000004cb560       0x30 /opt/intel/composer_xe_2013.3.163/compiler/lib/intel64/libimf.a(pow_stub.o)
                0x00000000004cb560                pow
 .text          0x00000000004cb590       0x30 /opt/intel/composer_xe_2013.3.163/compiler/lib/intel64/libimf.a(sincosf_stub.o)
                0x00000000004cb590                sincosf
 .text          0x00000000004cb5c0       0x30 /opt/intel/composer_xe_2013.3.163/compiler/lib/intel64/libimf.a(sincos_stub.o)
                0x00000000004cb5c0                sincos
 .text          0x00000000004cb5f0       0x40 /opt/intel/composer_xe_2013.3.163/compiler/lib/intel64/libimf.a(sin_stub.o)
                0x00000000004cb5f0                sin
 .text          0x00000000004cb630       0x30 /opt/intel/composer_xe_2013.3.163/compiler/lib/intel64/libimf.a(tan_stub.o)
                0x00000000004cb630                tan
 .text          0x00000000004cb660      0x2a0 /opt/intel/composer_xe_2013.3.163/compiler/lib/intel64/libimf.a(atan_ct.o)
                0x00000000004cb660                atan.L
 .text          0x00000000004cb900      0x210 /opt/intel/composer_xe_2013.3.163/compiler/lib/intel64/libimf.a(atan_gen.o)
                0x00000000004cb900                atan.A
 .text          0x00000000004cbb10      0x260 /opt/intel/composer_xe_2013.3.163/compiler/lib/intel64/libimf.a(cbrt_ct.o)
                0x00000000004cbb10                cbrt.L
 .text          0x00000000004cbd70      0x1e0 /opt/intel/composer_xe_2013.3.163/compiler/lib/intel64/libimf.a(cbrt_gen.o)
                0x00000000004cbd70                cbrt.A
 .text          0x00000000004cbf50       0x80 /opt/intel/composer_xe_2013.3.163/compiler/lib/intel64/libimf.a(ceil_ct.o)
                0x00000000004cbf50                ceil.L
 .text          0x00000000004cbfd0       0x80 /opt/intel/composer_xe_2013.3.163/compiler/lib/intel64/libimf.a(ceilf_ct.o)
                0x00000000004cbfd0                ceilf.L
 .text          0x00000000004cc050       0xc0 /opt/intel/composer_xe_2013.3.163/compiler/lib/intel64/libimf.a(ceilf_gen.o)
                0x00000000004cc050                ceilf.A
 .text          0x00000000004cc110       0x10 /opt/intel/composer_xe_2013.3.163/compiler/lib/intel64/libimf.a(ceilf_pnr.o)
                0x00000000004cc110                ceilf.N
 .text          0x00000000004cc120       0xf0 /opt/intel/composer_xe_2013.3.163/compiler/lib/intel64/libimf.a(ceil_gen.o)
                0x00000000004cc120                ceil.A
 .text          0x00000000004cc210       0x10 /opt/intel/composer_xe_2013.3.163/compiler/lib/intel64/libimf.a(ceil_pnr.o)
                0x00000000004cc210                ceil.N
 .text          0x00000000004cc220      0x660 /opt/intel/composer_xe_2013.3.163/compiler/lib/intel64/libimf.a(cos_ct.o)
                0x00000000004cc220                cos.L
 .text          0x00000000004cc880      0x660 /opt/intel/composer_xe_2013.3.163/compiler/lib/intel64/libimf.a(cos_gen.o)
                0x00000000004cc880                cos.A
 .text          0x00000000004ccee0      0x640 /opt/intel/composer_xe_2013.3.163/compiler/lib/intel64/libimf.a(cos_pnr.o)
                0x00000000004ccee0                cos.N
 .text          0x00000000004cd520      0x1f0 /opt/intel/composer_xe_2013.3.163/compiler/lib/intel64/libimf.a(exp2f_ct.o)
                0x00000000004cd520                exp2f.L
 .text          0x00000000004cd710      0x330 /opt/intel/composer_xe_2013.3.163/compiler/lib/intel64/libimf.a(exp2f_gen.o)
                0x00000000004cd710                exp2f.A
 .text          0x00000000004cda40      0x300 /opt/intel/composer_xe_2013.3.163/compiler/lib/intel64/libimf.a(exp_ct.o)
                0x00000000004cda40                exp.L
 .text          0x00000000004cdd40      0x300 /opt/intel/composer_xe_2013.3.163/compiler/lib/intel64/libimf.a(exp_gen.o)
                0x00000000004cdd40                exp.A
 .text          0x00000000004ce040       0x80 /opt/intel/composer_xe_2013.3.163/compiler/lib/intel64/libimf.a(floor_ct.o)
                0x00000000004ce040                floor.L
 .text          0x00000000004ce0c0       0x80 /opt/intel/composer_xe_2013.3.163/compiler/lib/intel64/libimf.a(floorf_ct.o)
                0x00000000004ce0c0                floorf.L
 .text          0x00000000004ce140       0xc0 /opt/intel/composer_xe_2013.3.163/compiler/lib/intel64/libimf.a(floorf_gen.o)
                0x00000000004ce140                floorf.A
 .text          0x00000000004ce200       0x10 /opt/intel/composer_xe_2013.3.163/compiler/lib/intel64/libimf.a(floorf_pnr.o)
                0x00000000004ce200                floorf.N
 .text          0x00000000004ce210       0xf0 /opt/intel/composer_xe_2013.3.163/compiler/lib/intel64/libimf.a(floor_gen.o)
                0x00000000004ce210                floor.A
 .text          0x00000000004ce300       0x10 /opt/intel/composer_xe_2013.3.163/compiler/lib/intel64/libimf.a(floor_pnr.o)
                0x00000000004ce300                floor.N
 .text          0x00000000004ce310      0x530 /opt/intel/composer_xe_2013.3.163/compiler/lib/intel64/libimf.a(libm_reduce_pio2.o)
                0x00000000004ce310                __libm_reduce_pio2d
 .text          0x00000000004ce840      0x2b0 /opt/intel/composer_xe_2013.3.163/compiler/lib/intel64/libimf.a(log10_ct.o)
                0x00000000004ce840                log10.L
 .text          0x00000000004ceaf0      0x1d0 /opt/intel/composer_xe_2013.3.163/compiler/lib/intel64/libimf.a(log10f_ct.o)
                0x00000000004ceaf0                log10f.L
 .text          0x00000000004cecc0      0x250 /opt/intel/composer_xe_2013.3.163/compiler/lib/intel64/libimf.a(log10f_gen.o)
                0x00000000004cecc0                log10f.A
 .text          0x00000000004cef10      0x2b0 /opt/intel/composer_xe_2013.3.163/compiler/lib/intel64/libimf.a(log10_gen.o)
                0x00000000004cef10                log10.A
 .text          0x00000000004cf1c0      0x270 /opt/intel/composer_xe_2013.3.163/compiler/lib/intel64/libimf.a(log_ct.o)
                0x00000000004cf1c0                log.L
 .text          0x00000000004cf430      0x280 /opt/intel/composer_xe_2013.3.163/compiler/lib/intel64/libimf.a(log_gen.o)
                0x00000000004cf430                log.A
 .text          0x00000000004cf6b0     0x1010 /opt/intel/composer_xe_2013.3.163/compiler/lib/intel64/libimf.a(pow_ct.o)
                0x00000000004cf6b0                pow.L
 .text          0x00000000004d06c0      0xbb0 /opt/intel/composer_xe_2013.3.163/compiler/lib/intel64/libimf.a(pow_gen.o)
                0x00000000004d06c0                pow.A
 .text          0x00000000004d1270      0x6f0 /opt/intel/composer_xe_2013.3.163/compiler/lib/intel64/libimf.a(sincos_ct.o)
                0x00000000004d1270                sincos.L
 .text          0x00000000004d1960      0x240 /opt/intel/composer_xe_2013.3.163/compiler/lib/intel64/libimf.a(sincosf_ct.o)
                0x00000000004d1960                sincosf.L
 .text          0x00000000004d1ba0      0x210 /opt/intel/composer_xe_2013.3.163/compiler/lib/intel64/libimf.a(sincosf_gen.o)
                0x00000000004d1ba0                sincosf.A
 .text          0x00000000004d1db0      0x3d0 /opt/intel/composer_xe_2013.3.163/compiler/lib/intel64/libimf.a(sincos_gen.o)
                0x00000000004d1db0                sincos.A
 .text          0x00000000004d2180      0x680 /opt/intel/composer_xe_2013.3.163/compiler/lib/intel64/libimf.a(sin_ct.o)
                0x00000000004d2180                sin.L
 .text          0x00000000004d2800      0x670 /opt/intel/composer_xe_2013.3.163/compiler/lib/intel64/libimf.a(sin_gen.o)
                0x00000000004d2800                sin.A
 .text          0x00000000004d2e70      0x650 /opt/intel/composer_xe_2013.3.163/compiler/lib/intel64/libimf.a(sin_pnr.o)
                0x00000000004d2e70                sin.N
 .text          0x00000000004d34c0      0x840 /opt/intel/composer_xe_2013.3.163/compiler/lib/intel64/libimf.a(tan_ct.o)
                0x00000000004d34c0                tan.L
 .text          0x00000000004d3d00      0x840 /opt/intel/composer_xe_2013.3.163/compiler/lib/intel64/libimf.a(tan_gen.o)
                0x00000000004d3d00                tan.A
 .text          0x00000000004d4540      0x670 /d/bh0/home/matt/autoconf/DV/DVCliser//libDVCliser.a(DVCliser.o)
                0x00000000004d4540                ser0_start_DV
                0x00000000004d47b0                ser0_serve_block_DV
                0x00000000004d4800                ser0_comm_DV
                0x00000000004d4900                ser0_ping_DV
                0x00000000004d49b0                ser0_connect_DV
                0x00000000004d4a60                dump_hostent_DV
                0x00000000004d4b70                ser0_stop_DV
 .text          0x00000000004d4bb0      0x2a0 /opt/intel/composer_xe_2013.3.163/compiler/lib/intel64/libimf.a(acosdf.o)
                0x00000000004d4bb0                acosdf
 .text          0x00000000004d4e50       0x30 /opt/intel/composer_xe_2013.3.163/compiler/lib/intel64/libimf.a(acosdq_stub.o)
                0x00000000004d4e50                __acosdq
 .text          0x00000000004d4e80       0x30 /opt/intel/composer_xe_2013.3.163/compiler/lib/intel64/libimf.a(acosd_stub.o)
                0x00000000004d4e80                acosd
 .text          0x00000000004d4eb0       0x30 /opt/intel/composer_xe_2013.3.163/compiler/lib/intel64/libimf.a(acoshq_stub.o)
                0x00000000004d4eb0                __acoshq
 .text          0x00000000004d4ee0       0x30 /opt/intel/composer_xe_2013.3.163/compiler/lib/intel64/libimf.a(acosq_stub.o)
                0x00000000004d4ee0                __acosq
 .text          0x00000000004d4f10      0x280 /opt/intel/composer_xe_2013.3.163/compiler/lib/intel64/libimf.a(asindf.o)
                0x00000000004d4f10                asindf
 .text          0x00000000004d5190       0x30 /opt/intel/composer_xe_2013.3.163/compiler/lib/intel64/libimf.a(asindq_stub.o)
                0x00000000004d5190                __asindq
 .text          0x00000000004d51c0       0x30 /opt/intel/composer_xe_2013.3.163/compiler/lib/intel64/libimf.a(asind_stub.o)
                0x00000000004d51c0                asind
 .text          0x00000000004d51f0       0x30 /opt/intel/composer_xe_2013.3.163/compiler/lib/intel64/libimf.a(asinhq_stub.o)
                0x00000000004d51f0                __asinhq
 .text          0x00000000004d5220       0x30 /opt/intel/composer_xe_2013.3.163/compiler/lib/intel64/libimf.a(asinq_stub.o)
                0x00000000004d5220                __asinq
 .text          0x00000000004d5250       0x60 /opt/intel/composer_xe_2013.3.163/compiler/lib/intel64/libimf.a(atan2dq_stub.o)
                0x00000000004d5250                __atan2dq
                0x00000000004d5280                __atand2q
 .text          0x00000000004d52b0       0x30 /opt/intel/composer_xe_2013.3.163/compiler/lib/intel64/libimf.a(atan2q_stub.o)
                0x00000000004d52b0                __atan2q
 .text          0x00000000004d52e0      0x220 /opt/intel/composer_xe_2013.3.163/compiler/lib/intel64/libimf.a(atandf.o)
                0x00000000004d52e0                atandf
 .text          0x00000000004d5500      0x4f0 /opt/intel/composer_xe_2013.3.163/compiler/lib/intel64/libimf.a(atand.o)
                0x00000000004d5500                atand
 .text          0x00000000004d59f0       0x30 /opt/intel/composer_xe_2013.3.163/compiler/lib/intel64/libimf.a(atandq_stub.o)
                0x00000000004d59f0                __atandq
 .text          0x00000000004d5a20       0x30 /opt/intel/composer_xe_2013.3.163/compiler/lib/intel64/libimf.a(atanhq_stub.o)
                0x00000000004d5a20                __atanhq
 .text          0x00000000004d5a50       0x30 /opt/intel/composer_xe_2013.3.163/compiler/lib/intel64/libimf.a(atanq_stub.o)
                0x00000000004d5a50                __atanq
 .text          0x00000000004d5a80       0x20 /opt/intel/composer_xe_2013.3.163/compiler/lib/intel64/libimf.a(cabsq.o)
                0x00000000004d5a80                __cabsq
 .text          0x00000000004d5aa0       0x30 /opt/intel/composer_xe_2013.3.163/compiler/lib/intel64/libimf.a(cbrtq_stub.o)
                0x00000000004d5aa0                __cbrtq
 .text          0x00000000004d5ad0      0x230 /opt/intel/composer_xe_2013.3.163/compiler/lib/intel64/libimf.a(ccoshq.o)
                0x00000000004d5ad0                __ccoshq
 .text          0x00000000004d5d00      0x620 /opt/intel/composer_xe_2013.3.163/compiler/lib/intel64/libimf.a(ccosq.o)
                0x00000000004d5d00                __ccosq
 .text          0x00000000004d6320      0x240 /opt/intel/composer_xe_2013.3.163/compiler/lib/intel64/libimf.a(ceilq.o)
                0x00000000004d6320                __ceilq
 .text          0x00000000004d6560       0x80 /opt/intel/composer_xe_2013.3.163/compiler/lib/intel64/libimf.a(cexp10f.o)
                0x00000000004d6560                cexp10f
 .text          0x00000000004d65e0      0x3b0 /opt/intel/composer_xe_2013.3.163/compiler/lib/intel64/libimf.a(cexp10.o)
                0x00000000004d65e0                cexp10
 .text          0x00000000004d6990      0x1e0 /opt/intel/composer_xe_2013.3.163/compiler/lib/intel64/libimf.a(cexp10q.o)
                0x00000000004d6990                __cexp10q
 .text          0x00000000004d6b70      0x6b0 /opt/intel/composer_xe_2013.3.163/compiler/lib/intel64/libimf.a(cexpq.o)
                0x00000000004d6b70                __cexpq
 .text          0x00000000004d7220      0x180 /opt/intel/composer_xe_2013.3.163/compiler/lib/intel64/libimf.a(clog10q.o)
                0x00000000004d7220                __clog10q
 .text          0x00000000004d73a0       0xa0 /opt/intel/composer_xe_2013.3.163/compiler/lib/intel64/libimf.a(clogq.o)
                0x00000000004d73a0                __clogq
 .text          0x00000000004d7440       0x30 /opt/intel/composer_xe_2013.3.163/compiler/lib/intel64/libimf.a(cosdf_stub.o)
                0x00000000004d7440                cosdf
 .text          0x00000000004d7470       0x30 /opt/intel/composer_xe_2013.3.163/compiler/lib/intel64/libimf.a(cosdq_stub.o)
                0x00000000004d7470                __cosdq
 .text          0x00000000004d74a0       0x30 /opt/intel/composer_xe_2013.3.163/compiler/lib/intel64/libimf.a(cosd_stub.o)
                0x00000000004d74a0                cosd
 .text          0x00000000004d74d0       0x30 /opt/intel/composer_xe_2013.3.163/compiler/lib/intel64/libimf.a(coshq_stub.o)
                0x00000000004d74d0                __coshq
 .text          0x00000000004d7500       0x30 /opt/intel/composer_xe_2013.3.163/compiler/lib/intel64/libimf.a(cosq_stub.o)
                0x00000000004d7500                __cosq